  код                    98607d0 + несохранённые правки
  индекс                 clean_mv, строк 4184
  признаки эталонов      98 МБ
  модель уверенности     три исхода, обучена на sharp + полевая часть tune, отпечаток 88900779f4
  порог показа           0.15
  порог без оговорок     0.3
  шортлист               20
запросов 3, без ответа 0, латентность med 842 мс, max 1580 мс
  019c68d0.jpg       -> pino-nuar-dzhavaga
  02eef911.webp      -> massandra-muskatel-belyy-belye-sorta-vinograda-beloe-sladkoe-16
  096ca74e.jpg       -> dva-brata-pet-nat-kokur-2024

набор sharp, отложенная половина: 214 запросов с вином в каталоге, 218 с вычеркнутым
пороги: показ 0.15, без оговорок 0.3

постановка             метрика     точность   полнота       F1
по каталогу            top1           95.1%     82.2%    88.2%
по каталогу            top5           97.8%     84.6%    90.7%
со строгим отказом     top1           58.9%     82.2%    68.6%
со строгим отказом     top5           60.5%     84.6%    70.6%

состояние выдачи                запросов  из них верных   ошибок
одна карточка без оговорок           105            103        2
карточка с вариантами                 80             73        7
не удалось определить                 29              4       25

         корзина   замеров   заявлено top-1   верных top-1   заявлено top-5   верных top-5
   0.00-0.05            56               3%             2%               5%             7%
   0.05-0.15            77               9%             4%              11%             8%
   0.15-0.30            51              22%            18%              25%            22%
   0.30-0.50            61              40%            39%              42%            41%
   0.50-1.00           187              80%            76%              80%            78%

из отказов правильный лидер был в 4 случаях — это цена порога
верная карточка дошла до пользователя: 176/214 (82.2%)

вина нет в каталоге (218 запросов): карточка всё равно показана в 114 случаях (52.3%), из них без оговорок — 41 (18.8%)

время ответа: медиана 267 мс, 95-й процентиль 479 мс (SLA ТЗ — 3000 мс)

результаты: /home/alex/projects/rus_vines/data/index/report_sharp.json
[transformers] Model config: bos_token_id must be `None` or an integer within the vocabulary (between 0 and 31999), got 49406. This may result in unexpected behavior.
[transformers] Model config: eos_token_id must be `None` or an integer within the vocabulary (between 0 and 31999), got 49407. This may result in unexpected behavior.
Loading weights:   0%|          | 0/888 [00:00<?, ?it/s]Loading weights:  34%|███▍      | 300/888 [00:00<00:00, 2997.05it/s]Loading weights:  79%|███████▉  | 705/888 [00:00<00:00, 3600.59it/s]Loading weights: 100%|██████████| 888/888 [00:00<00:00, 3633.06it/s]
  ir_luchshee-iz-dostupnykh-vin-na-segodnya-m_ p=0.118 инл   13 
  ir_luchshee-iz-dostupnykh-vin-na-segodnya-m_ p=0.022 инл   12 
  ir_myagkoe-s-priyatnym-agodnym-vkusom-i-per_ p=0.058 инл   16 
  ir_myagkoe-s-priyatnym-agodnym-vkusom-i-per_ p=0.050 инл    7 
  ir_myagkoe-s-priyatnym-agodnym-vkusom-i-per_ p=0.045 инл    8 
  ir_prekrasnyi-aperitiv-na-leto-interesnaya-_ p=0.036 инл   20 
  ir_prekrasnyi-aperitiv-na-leto-interesnaya-_ p=0.157 инл   19 
  ir_prekrasnyi-aperitiv-na-leto-interesnaya-_ p=0.042 инл    7 
  ir_pei-da-raduisya_0.jpg                     p=0.053 инл   11 
  ir_pei-da-raduisya_2.jpg                     p=0.126 инл   24 
  ir_pei-da-raduisya_1.jpg                     p=0.384 инл  115 ВЕРНО
  02eef911.webp                                p=0.164 инл   61 ВЕРНО
  096ca74e.jpg                                 p=0.014 инл   57 
  10777167_0.jpg                               p=0.581 инл   78 ВЕРНО
  11122332_0.jpg                               p=0.707 инл   83 ВЕРНО
  11813420_0.jpg                               p=0.180 инл   51 
  11813420_1.jpg                               p=0.392 инл   86 
  11813420_2.jpg                               p=0.058 инл   33 
  12161711_0.jpg                               p=0.226 инл   61 ВЕРНО
  11865288_0.jpg                               p=0.053 инл   38 
  12271541_0.jpg                               p=0.078 инл   41 
  12980895_0.jpg                               p=0.064 инл   83 
  12980895_2.jpg                               p=0.050 инл   74 
  15839246_2.jpg                               p=0.078 инл   76 
  10390039_0.jpg                               p=0.283 инл   68 
  13978352_0.jpg                               p=0.099 инл   48 
  13978352_1.jpg                               p=0.094 инл   62 
  15501518_0.jpg                               p=0.065 инл   24 
  15501518_1.jpg                               p=0.118 инл   58 
  3284063_0.jpg                                p=0.068 инл   51 
  3284063_1.jpg                                p=0.025 инл   47 
  5881591_0.jpg                                p=0.253 инл   54 ВЕРНО

полевой набор, часть test: 32 кадров — 21 с вином из каталога, 11 без; съёмка 22, предметная карточка 10
категория кадров                    кадров  лидер верен
съёмка, вино с эталоном                 16            6
вино в каталоге без эталона              5            0
вина нет в каталоге                     11            —

вина в каталоге нет (11 кадров):
  инлаеры лидера: медиана 13, 90-й процентиль 24, максимум 57
  уверенность: медиана 0.050, 90-й процентиль 0.126, максимум 0.157

  порог   карточка показана
   0.05               45.5%
   0.10               27.3%
   0.15                9.1%
   0.20                0.0%
   0.30                0.0%
   0.50                0.0%
   0.70                0.0%

вино есть в каталоге: 21 кадров, из них с эталонным фото 16
  лидер верен в 6 из 16 (38%), верный в пятёрке — 11
  подтверждённых дублей каталога нет, метрика строгая по slug
  ещё 5 кадров у позиции без эталонного фото — найти нельзя, в счёт не идут

вино                                           верно  кадров
Кокур сухое                                        3       6
Канонические Традиции Красное Сладкое              1       1
Мускатель белый                                    1       1
Русское Игристое полусладкое красное               1       8

где теряется правильный ответ (10 промахов):
  проиграл геометрии                     10

съёмка: 22 кадров, лидер верен в 6 из 21, карточка для отсутствующего вина в 0 из 1

предметная карточка: 10 кадров, карточка для отсутствующего вина в 1 из 10

результаты: /home/alex/projects/rus_vines/data/index/field_report.json
